#-----------------------------------------------------------
# Vivado v2023.1 (64-bit)
# SW Build 3865809 on Sun May  7 15:05:29 MDT 2023
# IP Build 3864474 on Sun May  7 20:36:21 MDT 2023
# SharedData Build 3865790 on Sun May 07 13:33:03 MDT 2023
# Start of session at: Fri Aug  4 01:23:57 2023
# Process ID: 3208
# Current directory: C:/Users/rafcal0v/riscv-steel-core/resources/arty-a7-hello-world-project/hello-world.runs/synth_1
# Command line: vivado.exe -log hello_world.vds -product Vivado -mode batch -messageDb vivado.pb -notrace -source hello_world.tcl
# Log file: C:/Users/rafcal0v/riscv-steel-core/resources/arty-a7-hello-world-project/hello-world.runs/synth_1/hello_world.vds
# Journal file: C:/Users/rafcal0v/riscv-steel-core/resources/arty-a7-hello-world-project/hello-world.runs/synth_1\vivado.jou
# Running On: CAK-M3NSK32-556, OS: Windows, CPU Frequency: 2496 MHz, CPU Physical cores: 8, Host memory: 34065 MB
#-----------------------------------------------------------
source hello_world.tcl -notrace
