Copyright 1986-2022 Xilinx, Inc. All Rights Reserved. Copyright 2022-2023 Advanced Micro Devices, Inc. All Rights Reserved.
------------------------------------------------------------------------------------------------------------------------------------------------------------------
| Tool Version : Vivado v.2023.1 (win64) Build 3865809 Sun May  7 15:05:29 MDT 2023
| Date         : Sun Jul 16 21:19:36 2023
| Host         : CAK-M3NSK32-556 running 64-bit major release  (build 9200)
| Command      : report_bus_skew -warn_on_violation -file hello_world_bus_skew_routed.rpt -pb hello_world_bus_skew_routed.pb -rpx hello_world_bus_skew_routed.rpx
| Design       : hello_world
| Device       : 7a35t-csg324
| Speed File   : -1  PRODUCTION 1.23 2018-06-13
| Design State : Routed
------------------------------------------------------------------------------------------------------------------------------------------------------------------

Bus Skew Report

No bus skew constraints

