Copyright 1986-2022 Xilinx, Inc. All Rights Reserved. Copyright 2022-2023 Advanced Micro Devices, Inc. All Rights Reserved.
---------------------------------------------------------------------------------------------------------------------------------------------
| Tool Version : Vivado v.2023.1 (win64) Build 3865809 Sun May  7 15:05:29 MDT 2023
| Date         : Fri Aug  4 01:25:41 2023
| Host         : CAK-M3NSK32-556 running 64-bit major release  (build 9200)
| Command      : report_control_sets -verbose -file hello_world_control_sets_placed.rpt
| Design       : hello_world
| Device       : xc7a35ti
---------------------------------------------------------------------------------------------------------------------------------------------

Control Set Information

Table of Contents
-----------------
1. Summary
2. Histogram
3. Flip-Flop Distribution
4. Detailed Control Set Information

1. Summary
----------

+----------------------------------------------------------+-------+
|                          Status                          | Count |
+----------------------------------------------------------+-------+
| Total control sets                                       |    48 |
|    Minimum number of control sets                        |    48 |
|    Addition due to synthesis replication                 |     0 |
|    Addition due to physical synthesis replication        |     0 |
| Unused register locations in slices containing registers |    40 |
+----------------------------------------------------------+-------+
* Control sets can be merged at opt_design using control_set_merge or merge_equivalent_drivers
** Run report_qor_suggestions for automated merging and remapping suggestions


2. Histogram
------------

+--------------------+-------+
|       Fanout       | Count |
+--------------------+-------+
| Total control sets |    48 |
| >= 0 to < 4        |     1 |
| >= 4 to < 6        |     1 |
| >= 6 to < 8        |     0 |
| >= 8 to < 10       |     4 |
| >= 10 to < 12      |     0 |
| >= 12 to < 14      |     1 |
| >= 14 to < 16      |     1 |
| >= 16              |    40 |
+--------------------+-------+
* Control sets can be remapped at either synth_design or opt_design


3. Flip-Flop Distribution
-------------------------

+--------------+-----------------------+------------------------+-----------------+--------------+
| Clock Enable | Synchronous Set/Reset | Asynchronous Set/Reset | Total Registers | Total Slices |
+--------------+-----------------------+------------------------+-----------------+--------------+
| No           | No                    | No                     |              19 |           13 |
| No           | No                    | Yes                    |               0 |            0 |
| No           | Yes                   | No                     |             162 |           54 |
| Yes          | No                    | No                     |               9 |            3 |
| Yes          | No                    | Yes                    |               0 |            0 |
| Yes          | Yes                   | No                     |            1546 |          662 |
+--------------+-----------------------+------------------------+-----------------+--------------+


4. Detailed Control Set Information
-----------------------------------

+----------------------+--------------------------------------------------------+----------------------------------------------+------------------+----------------+--------------+
|     Clock Signal     |                      Enable Signal                     |               Set/Reset Signal               | Slice Load Count | Bel Load Count | Bels / Slice |
+----------------------+--------------------------------------------------------+----------------------------------------------+------------------+----------------+--------------+
|  clock_IBUF_BUFG     |                                                        |                                              |                1 |              1 |         1.00 |
|  internal_clock_BUFG | riscv_steel_core_instance/mcause[31]_i_1_n_0           | reset_IBUF                                   |                3 |              5 |         1.67 |
|  internal_clock_BUFG | uart_instance/E[0]                                     | reset_IBUF                                   |                1 |              8 |         8.00 |
|  internal_clock_BUFG |                                                        | riscv_steel_core_instance/SR[0]              |                3 |              8 |         2.67 |
|  internal_clock_BUFG | uart_instance/p_0_in                                   | uart_instance/rx_register[7]_i_1_n_0         |                1 |              8 |         8.00 |
|  internal_clock_BUFG | riscv_steel_core_instance/tx_register                  |                                              |                3 |              9 |         3.00 |
|  internal_clock_BUFG |                                                        | riscv_steel_core_instance/tx_register        |                4 |             13 |         3.25 |
|  internal_clock_BUFG |                                                        | uart_instance/rx_cycle_counter[0]_i_1_n_0    |                4 |             14 |         3.50 |
|  internal_clock_BUFG |                                                        |                                              |               12 |             18 |         1.50 |
|  internal_clock_BUFG | riscv_steel_core_instance/mcause[31]_i_1_n_0           | riscv_steel_core_instance/mcause[30]_i_1_n_0 |               17 |             27 |         1.59 |
|  internal_clock_BUFG | riscv_steel_core_instance/mepc[31]_i_1_n_0             | reset_IBUF                                   |               19 |             30 |         1.58 |
|  internal_clock_BUFG | riscv_steel_core_instance/mtvec1                       | reset_IBUF                                   |               15 |             31 |         2.07 |
|  internal_clock_BUFG | riscv_steel_core_instance/integer_file[4][31]_i_1_n_0  | reset_IBUF                                   |               21 |             32 |         1.52 |
|  internal_clock_BUFG | riscv_steel_core_instance/integer_file[7][31]_i_1_n_0  | reset_IBUF                                   |                9 |             32 |         3.56 |
|  internal_clock_BUFG | riscv_steel_core_instance/integer_file[8][31]_i_1_n_0  | reset_IBUF                                   |               13 |             32 |         2.46 |
|  internal_clock_BUFG | riscv_steel_core_instance/integer_file[31][31]_i_1_n_0 | reset_IBUF                                   |               21 |             32 |         1.52 |
|  internal_clock_BUFG | riscv_steel_core_instance/integer_file[6][31]_i_1_n_0  | reset_IBUF                                   |               11 |             32 |         2.91 |
|  internal_clock_BUFG | riscv_steel_core_instance/integer_file[14][31]_i_1_n_0 | reset_IBUF                                   |               12 |             32 |         2.67 |
|  internal_clock_BUFG | riscv_steel_core_instance/integer_file[11][31]_i_1_n_0 | reset_IBUF                                   |               13 |             32 |         2.46 |
|  internal_clock_BUFG | riscv_steel_core_instance/integer_file[16][31]_i_1_n_0 | reset_IBUF                                   |               15 |             32 |         2.13 |
|  internal_clock_BUFG | riscv_steel_core_instance/integer_file[28][31]_i_1_n_0 | reset_IBUF                                   |               15 |             32 |         2.13 |
|  internal_clock_BUFG | riscv_steel_core_instance/integer_file[12][31]_i_1_n_0 | reset_IBUF                                   |               15 |             32 |         2.13 |
|  internal_clock_BUFG | riscv_steel_core_instance/integer_file[17][31]_i_1_n_0 | reset_IBUF                                   |                9 |             32 |         3.56 |
|  internal_clock_BUFG | riscv_steel_core_instance/integer_file[25][31]_i_1_n_0 | reset_IBUF                                   |                8 |             32 |         4.00 |
|  internal_clock_BUFG | riscv_steel_core_instance/integer_file[30][31]_i_1_n_0 | reset_IBUF                                   |                8 |             32 |         4.00 |
|  internal_clock_BUFG | riscv_steel_core_instance/integer_file[29][31]_i_1_n_0 | reset_IBUF                                   |               10 |             32 |         3.20 |
|  internal_clock_BUFG | riscv_steel_core_instance/integer_file[13][31]_i_1_n_0 | reset_IBUF                                   |                8 |             32 |         4.00 |
|  internal_clock_BUFG | riscv_steel_core_instance/integer_file[21][31]_i_1_n_0 | reset_IBUF                                   |                8 |             32 |         4.00 |
|  internal_clock_BUFG | riscv_steel_core_instance/integer_file[19][31]_i_1_n_0 | reset_IBUF                                   |               10 |             32 |         3.20 |
|  internal_clock_BUFG | riscv_steel_core_instance/integer_file[10][31]_i_1_n_0 | reset_IBUF                                   |               26 |             32 |         1.23 |
|  internal_clock_BUFG | riscv_steel_core_instance/integer_file[27][31]_i_1_n_0 | reset_IBUF                                   |                7 |             32 |         4.57 |
|  internal_clock_BUFG | riscv_steel_core_instance/integer_file[20][31]_i_1_n_0 | reset_IBUF                                   |               11 |             32 |         2.91 |
|  internal_clock_BUFG | riscv_steel_core_instance/integer_file[23][31]_i_1_n_0 | reset_IBUF                                   |               15 |             32 |         2.13 |
|  internal_clock_BUFG | riscv_steel_core_instance/integer_file[15][31]_i_1_n_0 | reset_IBUF                                   |               17 |             32 |         1.88 |
|  internal_clock_BUFG | riscv_steel_core_instance/integer_file[22][31]_i_1_n_0 | reset_IBUF                                   |               13 |             32 |         2.46 |
|  internal_clock_BUFG | riscv_steel_core_instance/integer_file[24][31]_i_1_n_0 | reset_IBUF                                   |               18 |             32 |         1.78 |
|  internal_clock_BUFG | riscv_steel_core_instance/integer_file[1][31]_i_1_n_0  | reset_IBUF                                   |               17 |             32 |         1.88 |
|  internal_clock_BUFG | riscv_steel_core_instance/integer_file[2][31]_i_1_n_0  | reset_IBUF                                   |               10 |             32 |         3.20 |
|  internal_clock_BUFG | riscv_steel_core_instance/integer_file[26][31]_i_1_n_0 | reset_IBUF                                   |               19 |             32 |         1.68 |
|  internal_clock_BUFG | riscv_steel_core_instance/integer_file[3][31]_i_1_n_0  | reset_IBUF                                   |               10 |             32 |         3.20 |
|  internal_clock_BUFG | riscv_steel_core_instance/integer_file[9][31]_i_1_n_0  | reset_IBUF                                   |               14 |             32 |         2.29 |
|  internal_clock_BUFG | riscv_steel_core_instance/mscratch0                    | reset_IBUF                                   |               20 |             32 |         1.60 |
|  internal_clock_BUFG | riscv_steel_core_instance/integer_file[5][31]_i_1_n_0  | reset_IBUF                                   |                8 |             32 |         4.00 |
|  internal_clock_BUFG | riscv_steel_core_instance/mtval[31]_i_2_n_0            | riscv_steel_core_instance/mtval[31]_i_1_n_0  |               22 |             32 |         1.45 |
|  internal_clock_BUFG | riscv_steel_core_instance/integer_file[18][31]_i_1_n_0 | reset_IBUF                                   |               16 |             32 |         2.00 |
|  internal_clock_BUFG | riscv_steel_core_instance/current_state_reg[2]_0       | reset_IBUF                                   |               16 |             64 |         4.00 |
|  internal_clock_BUFG |                                                        | reset_IBUF                                   |               43 |            127 |         2.95 |
|  internal_clock_BUFG | riscv_steel_core_instance/clock_enable                 | reset_IBUF                                   |              141 |            317 |         2.25 |
+----------------------+--------------------------------------------------------+----------------------------------------------+------------------+----------------+--------------+


